▿ 10 key/value pairs
  ▿ (2 elements)
    - key: "eight"
    - value: 8
  ▿ (2 elements)
    - key: "five"
    - value: 5
  ▿ (2 elements)
    - key: "four"
    - value: 4
  ▿ (2 elements)
    - key: "nine"
    - value: 9
  ▿ (2 elements)
    - key: "one"
    - value: 1
  ▿ (2 elements)
    - key: "seven"
    - value: 7
  ▿ (2 elements)
    - key: "six"
    - value: 6
  ▿ (2 elements)
    - key: "ten"
    - value: 10
  ▿ (2 elements)
    - key: "three"
    - value: 3
  ▿ (2 elements)
    - key: "two"
    - value: 2
